error|SharedTest|io.infinite.bobbin.tests_2_x_x.shared.SharedTest|Parent Thread error abcd$uuid
warn|SharedTest|io.infinite.bobbin.tests_2_x_x.shared.SharedTest|Parent Thread warn 1234$uuid
