error|Throwable|io.infinite.bobbin.tests_2_x_x.Throwable.Throwable|$uuid|test exception message
