error|Root|Enabled|error abcd
info|Root|Enabled|info abcd1234
trace|Root|Enabled|trace $uuid
