trace|BaseTest|io.infinite.bobbin.tests_1_x_x.BaseTest.BaseTest|trace $uuid
