info|BasicTest|io.infinite.bobbin.tests_1_x_x.BasicTest.BasicTest|info abcd1234
