error|Enabled|ZIP|error abcd
warn|Enabled|ZIP|warn 1234
