debug|BasicTest|io.infinite.bobbin.tests_1_x_x.BasicTest.BasicTest|debug $uuid
