error|Disabled|ZIP|error abcd
warn|Disabled|ZIP|warn 1234
