info|BaseTest|io.infinite.bobbin.tests_1_x_x.BaseTest.BaseTest|info abcd1234
