error|Housekeeping|LOG|error $uuid
warn|Housekeeping|LOG|warn $uuid
