error|BasicTest|io.infinite.bobbin.tests_1_x_x.BasicTest|error abcd
warn|BasicTest|io.infinite.bobbin.tests_1_x_x.BasicTest|warn 1234
info|BasicTest|io.infinite.bobbin.tests_1_x_x.BasicTest|info abcd1234
debug|BasicTest|io.infinite.bobbin.tests_1_x_x.BasicTest|debug $uuid
trace|BasicTest|io.infinite.bobbin.tests_1_x_x.BasicTest|trace $uuid
